n/Glass-of-water.jpg
n/PDINSET727_NA_1.jpg
n/AJM2941.jpg
n/56101543SD00017_01_500x500.jpg
n/35382a.jpg
n/1920x1200px_v2_202111_blox_dining_226cm_0052_1.jpg
n/montreal-square-dining-table-15m.jpg
n/SLEEK-SALVER-DINING-(FRONT+VIEW).jpg
n/PRODSAIGXTB-MT-001_saigon_extending-dining-table-metal-base__lifestyle.jpeg
n/ASL1sq.png
n/telescoping-adjustable-floor-lamp-60-m.jpg
n/zig-zag-floor-lamp-1-o.jpg
n/71jIfDWFmEL._AC_UF1000,1000_QL80_.jpg
n/61uLmGqbcVL._AC_UF894,1000_QL80_.jpg
n/VALTTL62BR62243_LP.jpg
n/T03846_264__52100.jpg
n/GUEST_032f19b8-9fc4-4773-94e1-58540dbf3467.jpeg
n/56101522SD04098_A2_500x500.jpg
n/NEW_Boucle_Occasional_Chair_Lores_01__99432.jpg
n/xfit_black-red01.jpg
n/1-3-1.jpg
n/71gR-IwIv-L._AC_UF1000,1000_QL80_.jpg
n/Keychron-V1-Custom-Mechanical-Keyboard-frosted-black-knob-K-Pro-red_540x.jpg
n/6-pro-top-view.jpeg
n/design-medium.jpg
n/210709123842-logitech-mx-master-3-product-card.jpg
n/logitech-m100-m100r-1-1623336038.png
n/best-ergonomic-mice-20230502-2-medium.jpg
n/61XWAkgnTdL._AC_UF1000,1000_QL80_.jpg
n/3-Tasten-Maus_Microsoft.jpg
n/c08318928.png
n/1200px-LG_L194WT-SF_LCD_monitor.jpg
n/e671be817b976f91d27f480128be51e2.jpg_720x720q80.jpg
n/mobile-phones-buying-guide.jpg
n/apple-cell-phone-cellphone-607812.jpg
n/s-l1200.jpg
n/16248981712802.jpg
n/facial-symmetry-1024x704.jpg
n/amber-heard.jpg
n/b2ap3_large_ee72093c-3c01-433a-8d25-701cca06c975.jpg
n/discover-the-secret-language-of-flowers-2022-thumbnail.jpeg
n/helianthus-yellow-flower-pixabay_11863.jpg
n/1703048478025.jpeg
n/close-up-of-tulips-blooming-in-field-royalty-free-image-1584131603.jpg
n/pexels-pixabay-56866.jpg
n/flower-purple-lical-blosso.jpg
n/imagesqtbnANd9GcQ7BKL_jRQtBKXTLNVtCCfoy6pII27OBNcQChlMHqi97_txo6hMOn4p4usqpCAU.jpg
n/imagesqtbnANd9GcQjU5AtbEjdI7p6UdKsEyf6xuofWxktcAdGxmB5jSFjkTrN8dTXLbWhIusqpCAU.jpg
n/imagesqtbnANd9GcRTvKK90OCf0b_CeCOlKwR1UoJovNAU0n2zToVr8wEgvz6RT6B9AgRA_zIusqpCAU.jpg
n/imagesqtbnANd9GcSCMllUmVbDutgBerguKcDIhh3C1HXNfSb2C0aDoEbzWqfLaveKnIww9MusqpCAU.jpg
n/imagesqtbnANd9GcTAtUa5ISaMXJZyVZRgIG_9fLVjqw24wL2PAJHRHD2TbYm0tKyyrd6MusqpCAU.jpg
n/imagesqtbnANd9GcTTdUUwY8nWNH9xib9X9t_n6GvEPsKA4FuZgusqpCAU.jpg
n/imagesqtbnANd9GcTi212weU1l4L4RejvIP6tYCfEGayoMwsKlPM5GJVylokfE7_fQHNaktYusqpCAU.jpg
n/imagesqtbnANd9GcQaeFtHDTTAn_RLOZ2IjEs6kz88n1Z1EhPjazUJH2Qtzht_AZ9qL4WfYQusqpCAU.jpg
n/imagesqtbnANd9GcQdIcKEAScPeJtpXrhX9LsA6588ZcBnqWOYWVa2FOZ2hYb3W6QFHKX0YEusqpCAU.jpg
n/imagesqtbnANd9GcQz8Eot9CljgwQdob8Qx68GXR2lp_q3sOC0Ip_av8UWlaMZMlZ3Cj1lEWgusqpCAU.jpg
n/imagesqtbnANd9GcSGH4wngFvvKxXeYLja06O4ZEIKY6DwHNPuGcHaktXWp34QLOXeqCA2VEusqpCAU.jpg
n/imagesqtbnANd9GcSVIbE5dagJhKEtZpm9ighcwnk8MKEUSrkfx6gZbvkdwjgGfEcAUKxqkEusqpCAU.jpg
n/imagesqtbnANd9GcS_zb2iwzaGAjAO_v1VLGK8oF5nT35sXz1HSzOlh_4rWYOF258or3zv9susqpCAU.jpg
n/imagesqtbnANd9GcTACF5GLhyXfgLPhJFnpm3kIWW3KRryzT8uaqRFdWtNHJlRQyB2pFJUrcusqpCAU.jpg
n/imagesqtbnANd9GcTAhCmhCq04loNJc8vAh2Tw_lt821BmaA5SNBnKcm9oun3_WrRca0w3KnMusqpCAU.jpg
n/imagesqtbnANd9GcTGU0tzeJEwUUICVXBnQ_t0a2TJxpw31YxdlS4fMQdHGlwqcUU1TuXJkusqpCAU.jpg
n/imagesqtbnANd9GcTcL62mLwIoI2Gmt147o401pPti4fpF7o8BFX9DbGXkYmE52MQs7v3BcousqpCAU.jpg
n/imagesqtbnANd9GcQBZzF736aZNbr1pJYFEZDQYJdwg1jz_SEGUdWgJxk7NQUUoCMYJq0RJckusqpCAU.jpg
n/imagesqtbnANd9GcQis5rBuuez4ltAEUOedTc2s7PA1Zxi6X6X3FXjhGWDBhAwpT7iVUKliUusqpCAU.jpg
n/imagesqtbnANd9GcR0tFl4gVcrpFy1pGImlyZUGc_iebBYCXypZR7fRXyRQVcubPkoeDZkMYusqpCAU.jpg
n/imagesqtbnANd9GcR74aIeejESpC3f2b2sjN6KM7TVRx7WaWoFgSL3cINwfZOa6f4uRZe7mGgusqpCAU.jpg
n/imagesqtbnANd9GcRKniN_eibuKmZPXub6G5GSrftIwGtx7_JhFBDWhkZxbpHDnRtCTZiBTkusqpCAU.jpg
n/imagesqtbnANd9GcRUzCVAU4O6ui0rvtp74HU3P3AxynDF2HIPLFUc3b0bFBPOEH3oIpXIusqpCAU.jpg
n/imagesqtbnANd9GcRcsImnqQMK0w3p7Sp8m60zIIpWpZm8k1CoOI2AeUPpLvM9482UyvIGWLMusqpCAU.jpg
n/imagesqtbnANd9GcRva2OI_1mz_y78BFY8g6e7RUsWwHMRlNXz7inTGqgOjMHTcSiVOO8EVAusqpCAU.jpg
n/imagesqtbnANd9GcS0TbJKDUCup5ohEE_11NMVkoplpRtn05ckQUkajAbzzF6AEd4xjOCXEusqpCAU.jpg
n/imagesqtbnANd9GcS6Klp047R_p96G9g5aYErdtA68dnMDgRlMTwusqpCAU.jpg
n/imagesqtbnANd9GcS7LE86qDE3rb4gJB1gear7ZgFEDQPiQtPb26rpmmoPxohgsDUX4C6Gzb0usqpCAU.jpg
n/imagesqtbnANd9GcSC_R0Jl_mFhQfmXmG4VD6KTVwaeSCYcLc9C_C_qQleKcmuXTYsNuDbG0usqpCAU.jpg
n/imagesqtbnANd9GcSewLfhPrQ8E87NXADV4TCP5z0fsvw7kTPi_0vS0LOxad0U5c6cYuNr4usqpCAU.jpg
n/imagesqtbnANd9GcSrxdFLTco_TCm1BM9N4tQg5lIEjnKBVDkRVTlmLIUPdA0VOCDJRebUGUusqpCAU.jpg
n/imagesqtbnANd9GcSyqR5ji2DytBcCZrWPvWhQbxlTDqOELIMNUREy8JbyK1tYzuFxTlsXcusqpCAU.jpg
n/imagesqtbnANd9GcT5oSROIAx3M2aP5zmztXrdE01VYJhialBqkjz5P4J2zSfhxRkyNvgz8usqpCAU.jpg
n/imagesqtbnANd9GcTfdeJ8JQx8gNF8vkcqqdnUB8WkcPtF4PsoqjF92Qy7eBnTXAUvOgEjA0usqpCAU.jpg
n/imagesqtbnANd9GcTmuzY24dVm0M1oqHb4UUU7TGCshObyzi8eyfbQ8unSUP7IwUlDXZECQusqpCAU.jpg
n/imagesqtbnANd9GcQGXvyovFDyVWQBYhXVsYveflVxJXPPzhuGrgusqpCAU.jpg
n/imagesqtbnANd9GcQTIz0eJfOxm7rPdlzIkvP5uUPtSqcNg3WYFxkCiBXxJ6hpD3nifI0lXdAusqpCAU.jpg
n/imagesqtbnANd9GcQXikOPAyoKwSMYJkUwt9hoJBWRhwyRfMJZqFJQqtaGLapKki5ZjoQjMYusqpCAU.jpg
n/imagesqtbnANd9GcQZN1pG3Ar5qausqkx86lcAeWjgsRd0dKCnra3ixnZfOzy4HYcVFCpuRwusqpCAU.jpg
n/imagesqtbnANd9GcQq72enVOo7tVjwhzV_jgKpPvkx9QyzeD2r6TCOSEyFtw2M16rZanhkoousqpCAU.jpg
n/imagesqtbnANd9GcQusdvFOyMniURJS3DIuYhirvJtR68cUbwxlsTH0ZgSfmAxrfQsUV7f88usqpCAU.jpg
n/imagesqtbnANd9GcRM5ciwLgApTBSouiwFdWBo9RnSc16EWqdEEceQq7Hs724TQECZVagusqpCAU.jpg
n/imagesqtbnANd9GcRVwdlP6CFSnthpc6qNrV_1YGAW5kcb3exKRyx9eEnoKtqUmtisJCBX4usqpCAU.jpg
n/imagesqtbnANd9GcRa2hQiLVXUfTaBx7TGyGZ0ZLcW77RKRfu103vIOoFdBlkctqkP_7EVAusqpCAU.jpg
n/imagesqtbnANd9GcRuZyBPOi41hUPzur3PBBLtnIalVNMJGnTKIE33zBXhi9HrsXxc9vHEQusqpCAU.jpg
n/imagesqtbnANd9GcS84b0RJbzEoxEDpLBrgQAKmSkABFlMUp0WiGT20AkVW387oloWR7P51OcusqpCAU.jpg
n/imagesqtbnANd9GcSCUcWvVOUgBOVfiwDVX0gYMTTY_0eh64ZkfEpbsW5Grrk22sMo5UPDaHEusqpCAU.jpg
n/imagesqtbnANd9GcSD7FBNYiVs5LjuBQMJmwBE8Y8TKQI4NaF1ktViT_xB5ZIsvcuE8bTwYcusqpCAU.jpg
n/imagesqtbnANd9GcScRif_77aNiZ6miauknQbv_Wfiyu7wwKWCinWFklxGGYdy8uXxBBLOi0usqpCAU.jpg
n/imagesqtbnANd9GcSl5Vcr9Zdn0zHUHslRP3bWioO5mrCLlNNA4wsKR7cXEvsGysb81_ArIusqpCAU.jpg
n/imagesqtbnANd9GcSxdMVGITLSaEI0wV_VMMtbH3dB13owrSB7Df5yw77XGO8AF3tHyaHYousqpCAU.jpg
n/imagesqtbnANd9GcTCgtp4L0HXiP1nHFDE9pY6CLPHPZd1URGI9p7IsgtJQZjpay3mSlTMWVgusqpCAU.jpg
n/imagesqtbnANd9GcTgxdQtlziWdOynZOON4u1qlY3zKtRsn4ABAQ8Cl3ZdWvy9uvbONdmivMusqpCAU.jpg
n/imagesqtbnANd9GcTiK0EVE1mBnsw7bAD1HKwLZrQAp1Su21S4ypB5Qhulquyad9_Y9oX_zYusqpCAU.jpg
n/ANLem4Yurf6YiVQU0VPiQE42VmqTus8uZImsEEvu03HAs32cmo.jpg
n/imagesqtbnANd9GcQIV32qguUt3deCpnd6xeNKo8DvUNYyGAIAKRdjQ5d9sDHMrUTj1PiBkousqpCAU.jpg
n/imagesqtbnANd9GcQQILbUQAZalPnUboV8CYmijyL5u_A7cR_JE4LcyNsB54fneMvp7HI8uUusqpCAU.jpg
n/imagesqtbnANd9GcQdRwGx1uGhtRn05xe839Kq3P6f9hWHneCvrz7Tu358ZEEtowh5OqCBAusqpCAU.jpg
n/imagesqtbnANd9GcQjlfqmhWZ9iu3X4b8BJkdzb0s37IXJJo6BzZgeJEaBu91MmoAFgO6dkgusqpCAU.jpg
n/imagesqtbnANd9GcQp_fODtrvW28oQADHXzxN8Kd4jGi0owNll_b7b4EsV0CMPJ8eH6jkk4vcusqpCAU.jpg
n/imagesqtbnANd9GcRLnYXYlVOHdpRAYvYWuqhbl7C_5JNbO3Sw6dhGEGlrk3iQY8NqNZgBQ_susqpCAU.jpg
n/imagesqtbnANd9GcRtSQII4vTD9CJ7zo70xRILER5_zo5bKDw2z2ximmDELg89qUzK8oEl2mEusqpCAU.jpg
n/imagesqtbnANd9GcRxFEGPPvCdPF292NAzkzoLkwMP0_kM76I6zZZBCPDivFrwBpSpdkMiDEusqpCAU.jpg
n/imagesqtbnANd9GcSRR_d6YEdGSOueOgrMHUwNq9CLhZD3l8D2c4IHenxvIO0tddk6HhPufXYusqpCAU.jpg
n/imagesqtbnANd9GcSTYWwg2cPrG7VYjH9Lb7hVD0IyRQarEB7pmM3eaG9_GENQo9sVI7sP7bgusqpCAU.jpg
n/imagesqtbnANd9GcSn6xcluuHc8xcC6391h_aWKAkSyZJA08mhfwusqpCAU.jpg
n/imagesqtbnANd9GcStj5KiidW07T5b0gqH3RlsL2Eny62i1ndABUBOi0UvDtylZqFVQAxEpMusqpCAU.jpg
n/imagesqtbnANd9GcTBzifNzj7yvUv8rYyhEliokLWWipJ0rIvWG0_jNx6Y_fbeSNJsycg2YcusqpCAU.jpg
n/imagesqtbnANd9GcTDBtETq56xnPAvNNs7TDYmS2tSB2HZayhlUQrvK3W6hBjIBC4iU4EusqpCAU.jpg
n/imagesqtbnANd9GcTPxdeitYef7pHzADUCqXM9c3vzFYZ8Jt3zV_uxy6jZGgpmgOn3rhp0FEusqpCAU.jpg
n/imagesqtbnANd9GcTgoIWCMVVUjok6HHCVjnvvUHUe07cICZH3Pt2WYqyw6reJ_FV81oyiEq0usqpCAU.jpg
n/imagesqtbnANd9GcTjfdRYd14AUT8zPoZB9xrrI4WQjEydNJUVoBBoxF4nQAV4h7eAQ91N5qQusqpCAU.jpg
n/imagesqtbnANd9GcTlTnsXEPTNpI2mcpVd6GJjz2y9hNSfB2piIysyIc_Vlx4vB0vH18RjcusqpCAU.jpg
n/imagesqtbnANd9GcTl_WPaV87YXLyGyX8YvbHu5he083T_3k_7tSUapl3ttsSyjAWGUhldY8usqpCAU.jpg
n/PXL_20231220_011459499.jpg
n/PXL_20231220_011452048.jpg
n/PXL_20231220_011447931.jpg
n/PXL_20231220_011444998.jpg
n/PXL_20231220_011434503.jpg
n/PXL_20231220_011430890.jpg
n/PXL_20231220_011407737.jpg
n/PXL_20231220_011405147.jpg
n/PXL_20231220_011406427.jpg
n/PXL_20231220_011403687.jpg
n/PXL_20231220_011400306.jpg
n/PXL_20231220_011357044.jpg
n/PXL_20231220_011344463.jpg
n/PXL_20231220_011339556.jpg
n/PXL_20231220_011341007.jpg
n/PXL_20231220_011337770.jpg
n/PXL_20231220_011333473.jpg
n/PXL_20231220_011329180.jpg
n/PXL_20231220_011327762.MP.jpg
n/PXL_20231220_011325169.jpg
n/20230720_094825.jpg
n/20230720_094826.jpg
n/20230720_100931.jpg
n/20230720_100932.jpg
n/20230720_102211.jpg
n/20230803_164352.jpg
n/20230817_123851.jpg
n/20231013_092550.jpg
n/20231013_110849.jpg
n/20231017_120325.jpg
n/20231017_133516.jpg
n/20231017_133517.jpg
n/20231017_164314.jpg
n/20231017_164315.jpg
n/20231017_164318.jpg
n/20231017_164320.jpg
n/20231017_164341.jpg
n/20231017_165342.jpg
n/20231026_115650.jpg
n/20231026_115651.jpg
n/20231026_121047.jpg
n/20231026_121051.jpg
n/20231104_192853.jpg
n/20231104_192933.jpg
n/20231104_193044.jpg
n/20230720_101529.jpg
n/20230817_123905.jpg
n/20230921_173638.jpg
n/20231013_092552.jpg
n/20231017_133514.jpg
n/20231017_164340.jpg
n/20231104_192808.jpg
n/PXL_20231207_194102621.jpg
n/PXL_20231208_012940591.jpg
n/PXL_20231214_213521614.jpg
n/PXL_20231215_141234996.jpg
n/PXL_20231215_141239862.MP.jpg
n/PXL_20231215_141242932.jpg
n/PXL_20231215_154926632.MP.jpg
n/PXL_20231215_175525106.jpg
n/PXL_20231215_175526890.jpg
n/PXL_20231215_175531432.MP.jpg
n/PXL_20231216_005631606.MP.jpg
n/PXL_20231216_161831842.jpg
n/PXL_20231216_161924051.jpg
n/PXL_20231216_161927157.jpg
n/PXL_20231216_161931180.jpg
n/PXL_20231216_161935257.jpg
n/PXL_20231216_161938311.jpg
n/PXL_20231216_162535344.LONG_EXPOSURE-01.COVER.jpg
n/PXL_20231216_165502871.jpg
n/PXL_20231216_165505691.jpg
n/PXL_20231216_165510163.jpg
n/PXL_20231216_165642108.jpg
n/PXL_20231216_170117587.jpg
n/PXL_20231216_172013741.jpg
n/PXL_20231216_172103253.jpg
n/PXL_20231217_155238608.jpg
n/PXL_20231217_155241652.jpg
n/PXL_20231217_155246901.jpg
n/PXL_20231217_155251187.jpg
n/PXL_20231217_155321713.MP.jpg
n/PXL_20231217_155327494.jpg
n/PXL_20231217_155405511.jpg
n/PXL_20231217_192825941.jpg
n/PXL_20231217_193538077.jpg
n/PXL_20231217_193729917.jpg